# журнал мастера, запуск 2026-09-05 04:52:18
# время	часы	источник	событие	подробности
04:52:18	0.0	осц	/zone3/count	зона 3 сессия 38 гость  | 1
04:52:18	0.0	осц	/zone3/guest/1/state	зона 3 сессия 38 гость 1 | 1
04:52:18	0.0	track	гость 1 зоны 3: трек вернулся	
04:52:18	0.0	трекинг	ПОТОК ИДЁТ	источник sim, видно 1
04:52:18	0.0	трекинг	отчёт трекинга	источник sim | состояние идёт | видно 1 (1) | изменений за 10 с: 0
04:52:18	0.0	осц	/panel/gate	зона panel сессия  гость  | 0
04:52:18	0.0	gate	закрыт, откроется через 4 с	
04:52:19	0.0	zone	зона 4 на связи	
04:52:19	0.0	zone4	на связи	ping пошёл
04:52:19	0.0	zone	зона 1 на связи	
04:52:19	0.0	zone1	на связи	ping пошёл
04:52:19	0.0	show	проект открыт: состояние прошлого запуска сброшено	
04:52:19	0.0	настройки	загружены из settings.local.json (от 2026-09-04 18:47:34): 74 значений	
04:52:19	0.0	zone	зона 2 на связи	
04:52:19	0.0	zone2	на связи	ping пошёл
04:52:19	0.0	zone	зона 3 на связи	
04:52:19	0.0	zone3	на связи	ping пошёл
04:52:19	0.0	assign	бикон 1 -> сессия #39 гость 1	
04:52:19	0.0	session	бикон 1 появился сразу в зоне 3 — не гость группы: техсессия #39	
04:52:19	0.0	осц	/zone3/start	зона 3 сессия  гость  | 1 0 0 0 0
04:52:19	0.0	zone	старт зоны 3	
04:52:19	0.0	zone3	команда старт	сессия #39, гостей 1, промпты [0, 0, 0]
04:52:19	0.2	zone3	сцена началась	1
04:52:19	0.2	zone	зона 3 подтвердила старт	
04:52:19	0.2	осц	/panel/progress	зона panel сессия  гость  | 39 3
04:52:19	0.2	осц	/zone4/zone3started	зона 4 сессия 39 гость  | 1
04:52:19	0.2	zone	зона 4: сообщено, что зона 3 стартовала	
04:52:19	0.2	zone	зона 4 на связи	
04:52:19	0.2	zone4	на связи	ping пошёл
04:52:19	0.4	zone	зона 1 на связи	
04:52:19	0.4	zone1	на связи	ping пошёл
04:52:22	3.4	трекинг	ПОТОК ЗАМЕР (биконы видны, координаты не меняются)	источник sim, видно 1
04:52:23	4.1	осц	/panel/gate	зона panel сессия  гость  | 1
04:52:23	4.1	gate	ОТКРЫТ: все группы дошли до зоны 3	
04:52:29	10.4	трекинг	отчёт трекинга	источник sim | состояние замер | видно 1 (1) | изменений за 10 с: 0
04:52:39	20.4	трекинг	отчёт трекинга	источник sim | состояние замер | видно 1 (1) | изменений за 10 с: 0
04:52:49	30.4	трекинг	отчёт трекинга	источник sim | состояние замер | видно 1 (1) | изменений за 10 с: 0
04:52:59	40.4	трекинг	отчёт трекинга	источник sim | состояние замер | видно 1 (1) | изменений за 10 с: 0
04:53:09	50.4	трекинг	отчёт трекинга	источник sim | состояние замер | видно 1 (1) | изменений за 10 с: 0
04:53:19	60.4	трекинг	отчёт трекинга	источник sim | состояние замер | видно 1 (1) | изменений за 10 с: 0
04:53:29	70.4	трекинг	отчёт трекинга	источник sim | состояние замер | видно 1 (1) | изменений за 10 с: 0
04:53:39	80.4	трекинг	отчёт трекинга	источник sim | состояние замер | видно 1 (1) | изменений за 10 с: 0
04:53:49	90.4	трекинг	отчёт трекинга	источник sim | состояние замер | видно 1 (1) | изменений за 10 с: 0
04:53:59	100.4	трекинг	отчёт трекинга	источник sim | состояние замер | видно 1 (1) | изменений за 10 с: 0
04:54:09	110.4	трекинг	отчёт трекинга	источник sim | состояние замер | видно 1 (1) | изменений за 10 с: 0
04:54:19	120.4	трекинг	отчёт трекинга	источник sim | состояние замер | видно 1 (1) | изменений за 10 с: 0
04:54:29	130.4	трекинг	отчёт трекинга	источник sim | состояние замер | видно 1 (1) | изменений за 10 с: 0
04:54:39	140.4	трекинг	отчёт трекинга	источник sim | состояние замер | видно 1 (1) | изменений за 10 с: 0
04:54:49	150.4	трекинг	отчёт трекинга	источник sim | состояние замер | видно 1 (1) | изменений за 10 с: 0
04:54:59	160.4	трекинг	отчёт трекинга	источник sim | состояние замер | видно 1 (1) | изменений за 10 с: 0
04:55:09	170.4	трекинг	отчёт трекинга	источник sim | состояние замер | видно 1 (1) | изменений за 10 с: 0
04:55:19	180.4	трекинг	отчёт трекинга	источник sim | состояние замер | видно 1 (1) | изменений за 10 с: 0
04:55:29	190.4	трекинг	отчёт трекинга	источник sim | состояние замер | видно 1 (1) | изменений за 10 с: 0
04:55:39	200.4	трекинг	отчёт трекинга	источник sim | состояние замер | видно 1 (1) | изменений за 10 с: 0
04:55:49	210.4	трекинг	отчёт трекинга	источник sim | состояние замер | видно 1 (1) | изменений за 10 с: 0
04:55:59	220.4	трекинг	отчёт трекинга	источник sim | состояние замер | видно 1 (1) | изменений за 10 с: 0
04:56:09	230.4	трекинг	отчёт трекинга	источник sim | состояние замер | видно 1 (1) | изменений за 10 с: 0
04:56:19	240.4	трекинг	отчёт трекинга	источник sim | состояние замер | видно 1 (1) | изменений за 10 с: 0
04:56:29	250.4	трекинг	отчёт трекинга	источник sim | состояние замер | видно 1 (1) | изменений за 10 с: 0
04:56:39	260.4	трекинг	отчёт трекинга	источник sim | состояние замер | видно 1 (1) | изменений за 10 с: 0
04:56:49	270.1	ui	источник трекинга -> live	
04:56:49	270.1	трекинг	источник live	видно биконов: 3
04:56:49	270.2	осц	/zone3/count	зона 3 сессия 39 гость  | 0
04:56:49	270.4	трекинг	ПОТОК ИДЁТ	источник live, видно 3
04:56:49	270.4	трекинг	отчёт трекинга	источник live | состояние идёт | видно 3 (1,3,6) | изменений за 10 с: 3
04:56:50	270.6	настройки	сохранены в settings.local.json (автосохранение)	
04:56:50	270.6	assign	бикон 3 -> сессия #39 гость 2	
04:56:50	270.6	осц	/zone3/update	зона 3 сессия 39 гость  | 2 0 0 0
04:56:50	270.6	zone3	состав обновлён	2 гостей, промпты [0, 0, 0]
04:56:50	270.6	session	бикон 3 появился в зоне 3 — подселён в техсессию #39 гостем 2	
04:56:50	270.6	assign	бикон 6 -> сессия #39 гость 3	
04:56:50	270.6	осц	/zone3/update	зона 3 сессия 39 гость  | 3 0 0 0
04:56:50	270.6	zone3	состав обновлён	3 гостей, промпты [0, 0, 0]
04:56:50	270.6	session	бикон 6 появился в зоне 3 — подселён в техсессию #39 гостем 3	
04:56:50	270.6	осц	/zone3/count	зона 3 сессия 39 гость  | 2
04:56:50	270.6	осц	/zone3/count	зона 3 сессия 39 гость  | 1
04:56:50	270.8	осц	/zone3/count	зона 3 сессия 39 гость  | 2
04:56:50	270.9	осц	/zone3/count	зона 3 сессия 39 гость  | 1
04:56:50	271.4	ui	источник трекинга -> playback	
04:56:50	271.4	трекинг	БИКОНОВ НЕ ВИДНО	источник playback, видно 0
04:56:51	271.6	трекинг	источник playback	видно биконов: 0
04:56:51	271.9	настройки	сохранены в settings.local.json (автосохранение)	
04:56:52	272.5	ui	источник трекинга -> sim	
04:56:52	272.6	трекинг	источник sim	видно биконов: 1
04:56:52	273.0	настройки	сохранены в settings.local.json (автосохранение)	
04:56:52	273.4	трекинг	ПОТОК ИДЁТ	источник sim, видно 1
04:56:55	276.4	трекинг	ПОТОК ЗАМЕР (биконы видны, координаты не меняются)	источник sim, видно 1
04:56:59	280.4	трекинг	отчёт трекинга	источник sim | состояние замер | видно 1 (1) | изменений за 10 с: 1
04:57:09	290.4	трекинг	отчёт трекинга	источник sim | состояние замер | видно 1 (1) | изменений за 10 с: 0
04:57:19	300.4	трекинг	отчёт трекинга	источник sim | состояние замер | видно 1 (1) | изменений за 10 с: 0
04:57:19	300.4	zone3	СЦЕНА ЗАТЯНУЛАСЬ	идёт 300 с, финиша нет
04:57:19	300.4	zone	зона 3: сцена идёт 300 с без финиша	
04:57:29	310.4	трекинг	отчёт трекинга	источник sim | состояние замер | видно 1 (1) | изменений за 10 с: 0
04:57:39	320.4	трекинг	отчёт трекинга	источник sim | состояние замер | видно 1 (1) | изменений за 10 с: 0
04:57:49	330.4	трекинг	отчёт трекинга	источник sim | состояние замер | видно 1 (1) | изменений за 10 с: 0
04:57:55	336.1	трекинг	источник sim	видно биконов: 0
04:57:55	336.1	трекинг	СКАЧОК	beacon2: 0.08 м за кадр (10 м/с) — держу старую позицию
04:57:55	336.4	трекинг	ПОТОК ИДЁТ	источник sim, видно 3
04:57:58	339.4	трекинг	ПОТОК ЗАМЕР (биконы видны, координаты не меняются)	источник sim, видно 3
04:57:59	340.4	трекинг	отчёт трекинга	источник sim | состояние замер | видно 3 (1,3,6) | изменений за 10 с: 3
04:58:09	350.4	трекинг	отчёт трекинга	источник sim | состояние замер | видно 3 (1,3,6) | изменений за 10 с: 0
04:58:16	356.4	трекинг	СКАЧОК	beacon0: 1.69 м за кадр (102 м/с) — держу старую позицию
04:58:19	360.4	трекинг	отчёт трекинга	источник sim | состояние замер | видно 3 (1,3,6) | изменений за 10 с: 0
04:58:25	365.8	ui	источник трекинга -> live	
04:58:25	366.1	трекинг	источник live	видно биконов: 0
04:58:25	366.3	настройки	сохранены в settings.local.json (автосохранение)	
04:58:29	370.4	трекинг	отчёт трекинга	источник live | состояние замер | видно 3 (1,3,6) | изменений за 10 с: 0
04:58:39	380.4	трекинг	отчёт трекинга	источник live | состояние замер | видно 3 (1,3,6) | изменений за 10 с: 0
04:58:49	390.4	трекинг	отчёт трекинга	источник live | состояние замер | видно 3 (1,3,6) | изменений за 10 с: 0
04:58:55	396.3	трекинг	СКАЧОК	beacon5: 0.24 м за кадр (14 м/с) — держу старую позицию
04:58:59	400.4	трекинг	отчёт трекинга	источник live | состояние замер | видно 3 (1,3,6) | изменений за 10 с: 0
04:59:04	404.9	трекинг	СКАЧОК	beacon2: 0.09 м за кадр (6 м/с) — держу старую позицию
04:59:05	405.7	трекинг	СКАЧОК	beacon2: 0.09 м за кадр (5 м/с) — держу старую позицию
04:59:09	410.4	трекинг	отчёт трекинга	источник live | состояние замер | видно 3 (1,3,6) | изменений за 10 с: 0
04:59:19	420.4	трекинг	отчёт трекинга	источник live | состояние замер | видно 3 (1,3,6) | изменений за 10 с: 0
04:59:29	430.4	трекинг	отчёт трекинга	источник live | состояние замер | видно 3 (1,3,6) | изменений за 10 с: 0
04:59:33	433.6	настройка	beacon_pools[1,beacons]: 1,2,3 -> 1,2,3,4,5,6,7,8.9,10	
04:59:33	434.0	настройки	сохранены в settings.local.json (автосохранение)	
04:59:39	440.4	трекинг	отчёт трекинга	источник live | состояние замер | видно 3 (1,3,6) | изменений за 10 с: 0
04:59:49	450.4	трекинг	отчёт трекинга	источник live | состояние замер | видно 3 (1,3,6) | изменений за 10 с: 0
04:59:59	460.4	трекинг	отчёт трекинга	источник live | состояние замер | видно 3 (1,3,6) | изменений за 10 с: 0
05:00:09	470.4	трекинг	отчёт трекинга	источник live | состояние замер | видно 3 (1,3,6) | изменений за 10 с: 0
05:00:12	473.1	трекинг	СКАЧОК	beacon5: 2.25 м за кадр (5 м/с) — держу старую позицию
05:00:13	473.8	трекинг	СКАЧОК	beacon5: 0.14 м за кадр (8 м/с) — держу старую позицию
05:00:19	480.4	трекинг	отчёт трекинга	источник live | состояние замер | видно 3 (1,3,6) | изменений за 10 с: 0
05:00:23	483.7	трекинг	СКАЧОК	beacon2: 0.10 м за кадр (6 м/с) — держу старую позицию
05:00:24	484.4	трекинг	СКАЧОК	beacon2: 0.09 м за кадр (6 м/с) — держу старую позицию
05:00:29	490.4	трекинг	отчёт трекинга	источник live | состояние замер | видно 3 (1,3,6) | изменений за 10 с: 0
05:00:37	498.4	трекинг	СКАЧОК	beacon5: 0.25 м за кадр (15 м/с) — держу старую позицию
05:00:39	500.4	трекинг	отчёт трекинга	источник live | состояние замер | видно 3 (1,3,6) | изменений за 10 с: 0
05:00:40	501.2	трекинг	СКАЧОК	beacon5: 0.12 м за кадр (7 м/с) — держу старую позицию
05:00:48	508.9	трекинг	СКАЧОК	beacon5: 0.11 м за кадр (6 м/с) — держу старую позицию
05:00:49	510.4	трекинг	отчёт трекинга	источник live | состояние замер | видно 3 (1,3,6) | изменений за 10 с: 0
05:00:50	511.2	трекинг	СКАЧОК	beacon5: 0.17 м за кадр (10 м/с) — держу старую позицию
05:00:53	513.9	трекинг	СКАЧОК	beacon5: 0.10 м за кадр (6 м/с) — держу старую позицию
05:00:58	519.1	трекинг	СКАЧОК	beacon5: 0.31 м за кадр (18 м/с) — держу старую позицию
05:00:59	520.1	трекинг	СКАЧОК	beacon5: 0.23 м за кадр (14 м/с) — держу старую позицию
05:00:59	520.4	трекинг	отчёт трекинга	источник live | состояние замер | видно 3 (1,3,6) | изменений за 10 с: 0
05:01:01	522.3	трекинг	СКАЧОК	beacon5: 0.28 м за кадр (17 м/с) — держу старую позицию
05:01:08	528.9	трекинг	СКАЧОК	beacon5: 0.09 м за кадр (5 м/с) — держу старую позицию
05:01:09	530.4	трекинг	отчёт трекинга	источник live | состояние замер | видно 3 (1,3,6) | изменений за 10 с: 0
